// Jest Snapshot v1, https://goo.gl/fbAQLP

exports[`validateConfig should not throw and should print nothing for function task 1`] = `""`;

exports[`validateConfig should not throw and should print nothing for valid config 1`] = `""`;

exports[`validateConfig should not throw when config contains deprecated key but with valid task 1`] = `""`;

exports[`validateConfig should throw and should print validation errors for invalid config 1`] = `
"● Validation Error:

  Invalid value for 'foo'.

  Should be a string, a function, or an array of strings and functions.
 
  Configured value is: false

Please refer to https://github.com/okonet/lint-staged#configuration for more information..."
`;

exports[`validateConfig should throw and should print validation errors for invalid config 1 1`] = `"Configuration should be an object!"`;

exports[`validateConfig should throw when detecting deprecated advanced configuration 1`] = `
"● Validation Error:

  Invalid value for 'chunkSize'.

  Advanced configuration has been deprecated. For more info, please visit: https://github.com/okonet/lint-staged.
 
  Configured value is: 10

Please refer to https://github.com/okonet/lint-staged#configuration for more information...
● Validation Error:

  Invalid value for 'chunkSize'.

  Should be a string, a function, or an array of strings and functions.
 
  Configured value is: 10

Please refer to https://github.com/okonet/lint-staged#configuration for more information...
● Validation Error:

  Invalid value for 'concurrent'.

  Advanced configuration has been deprecated. For more info, please visit: https://github.com/okonet/lint-staged.
 
  Configured value is: false

Please refer to https://github.com/okonet/lint-staged#configuration for more information...
● Validation Error:

  Invalid value for 'concurrent'.

  Should be a string, a function, or an array of strings and functions.
 
  Configured value is: false

Please refer to https://github.com/okonet/lint-staged#configuration for more information...
● Validation Error:

  Invalid value for 'globOptions'.

  Advanced configuration has been deprecated. For more info, please visit: https://github.com/okonet/lint-staged.
 
  Configured value is: {matchBase: false}

Please refer to https://github.com/okonet/lint-staged#configuration for more information...
● Validation Error:

  Invalid value for 'globOptions'.

  Should be a string, a function, or an array of strings and functions.
 
  Configured value is: {matchBase: false}

Please refer to https://github.com/okonet/lint-staged#configuration for more information...
● Validation Error:

  Invalid value for 'ignore'.

  Advanced configuration has been deprecated. For more info, please visit: https://github.com/okonet/lint-staged.
 
  Configured value is: ['test.js']

Please refer to https://github.com/okonet/lint-staged#configuration for more information...
● Validation Error:

  Invalid value for 'linters'.

  Advanced configuration has been deprecated. For more info, please visit: https://github.com/okonet/lint-staged.
 
  Configured value is: {'*.js': ['eslint']}

Please refer to https://github.com/okonet/lint-staged#configuration for more information...
● Validation Error:

  Invalid value for 'linters'.

  Should be a string, a function, or an array of strings and functions.
 
  Configured value is: {'*.js': ['eslint']}

Please refer to https://github.com/okonet/lint-staged#configuration for more information...
● Validation Error:

  Invalid value for 'relative'.

  Advanced configuration has been deprecated. For more info, please visit: https://github.com/okonet/lint-staged.
 
  Configured value is: true

Please refer to https://github.com/okonet/lint-staged#configuration for more information...
● Validation Error:

  Invalid value for 'relative'.

  Should be a string, a function, or an array of strings and functions.
 
  Configured value is: true

Please refer to https://github.com/okonet/lint-staged#configuration for more information...
● Validation Error:

  Invalid value for 'renderer'.

  Advanced configuration has been deprecated. For more info, please visit: https://github.com/okonet/lint-staged.
 
  Configured value is: 'silent'

Please refer to https://github.com/okonet/lint-staged#configuration for more information...
● Validation Error:

  Invalid value for 'subTaskConcurrency'.

  Advanced configuration has been deprecated. For more info, please visit: https://github.com/okonet/lint-staged.
 
  Configured value is: 10

Please refer to https://github.com/okonet/lint-staged#configuration for more information...
● Validation Error:

  Invalid value for 'subTaskConcurrency'.

  Should be a string, a function, or an array of strings and functions.
 
  Configured value is: 10

Please refer to https://github.com/okonet/lint-staged#configuration for more information..."
`;

exports[`validateConfig should throw when detecting deprecated advanced configuration 2`] = `""`;

exports[`validateConfig should throw when function task returns incorrect values 1`] = `
"● Validation Error:

  Invalid value for 'filenames => filenames.map(file => [\`eslint --fix \${file}\`, \`git add \${file}\`])'.

  Function task should return a string or an array of strings.
 
  Configured value is: [['eslint --fix [filename]', 'git add [filename]']]

Please refer to https://github.com/okonet/lint-staged#configuration for more information..."
`;
